INFO:     Will watch for changes in these directories: ['/root/.openclaw/workspace-personal/stripe-revive']
INFO:     Uvicorn running on http://0.0.0.0:8000 (Press CTRL+C to quit)
INFO:     Started reloader process [4570] using StatReload
INFO:     Started server process [4572]
INFO:     Waiting for application startup.
2026-02-19 13:25:24,402 INFO sqlalchemy.engine.Engine BEGIN (implicit)
2026-02-19 13:25:24,402 INFO sqlalchemy.engine.Engine PRAGMA main.table_info("users")
2026-02-19 13:25:24,402 INFO sqlalchemy.engine.Engine [raw sql] ()
2026-02-19 13:25:24,403 INFO sqlalchemy.engine.Engine PRAGMA main.table_info("recovery_events")
2026-02-19 13:25:24,403 INFO sqlalchemy.engine.Engine [raw sql] ()
2026-02-19 13:25:24,404 INFO sqlalchemy.engine.Engine COMMIT
INFO:     Application startup complete.
2026-02-19 13:27:28,080 INFO sqlalchemy.engine.Engine BEGIN (implicit)
2026-02-19 13:27:28,092 INFO sqlalchemy.engine.Engine SELECT sum(recovery_events.amount_due) AS sum_1 
FROM recovery_events
2026-02-19 13:27:28,092 INFO sqlalchemy.engine.Engine [generated in 0.00029s] ()
2026-02-19 13:27:28,095 INFO sqlalchemy.engine.Engine SELECT sum(recovery_events.amount_due) AS sum_1 
FROM recovery_events 
WHERE recovery_events.status = ?
2026-02-19 13:27:28,096 INFO sqlalchemy.engine.Engine [generated in 0.00028s] ('recovered',)
2026-02-19 13:27:28,099 INFO sqlalchemy.engine.Engine SELECT count(recovery_events.id) AS count_1 
FROM recovery_events 
WHERE recovery_events.status = ?
2026-02-19 13:27:28,099 INFO sqlalchemy.engine.Engine [generated in 0.00028s] ('pending',)
2026-02-19 13:27:28,103 INFO sqlalchemy.engine.Engine SELECT recovery_events.id, recovery_events.user_id, recovery_events.stripe_customer_id, recovery_events.invoice_id, recovery_events.amount_due, recovery_events.status, recovery_events.created_at 
FROM recovery_events ORDER BY recovery_events.created_at DESC
 LIMIT ? OFFSET ?
2026-02-19 13:27:28,103 INFO sqlalchemy.engine.Engine [generated in 0.00032s] (10, 0)
INFO:     149.154.161.234:0 - "GET / HTTP/1.1" 200 OK
2026-02-19 13:27:28,118 INFO sqlalchemy.engine.Engine ROLLBACK
2026-02-19 14:07:10,620 INFO sqlalchemy.engine.Engine BEGIN (implicit)
2026-02-19 14:07:10,621 INFO sqlalchemy.engine.Engine SELECT sum(recovery_events.amount_due) AS sum_1 
FROM recovery_events
2026-02-19 14:07:10,621 INFO sqlalchemy.engine.Engine [cached since 2383s ago] ()
2026-02-19 14:07:10,623 INFO sqlalchemy.engine.Engine SELECT sum(recovery_events.amount_due) AS sum_1 
FROM recovery_events 
WHERE recovery_events.status = ?
2026-02-19 14:07:10,623 INFO sqlalchemy.engine.Engine [cached since 2383s ago] ('recovered',)
2026-02-19 14:07:10,624 INFO sqlalchemy.engine.Engine SELECT count(recovery_events.id) AS count_1 
FROM recovery_events 
WHERE recovery_events.status = ?
2026-02-19 14:07:10,624 INFO sqlalchemy.engine.Engine [cached since 2383s ago] ('pending',)
2026-02-19 14:07:10,626 INFO sqlalchemy.engine.Engine SELECT recovery_events.id, recovery_events.user_id, recovery_events.stripe_customer_id, recovery_events.invoice_id, recovery_events.amount_due, recovery_events.status, recovery_events.created_at 
FROM recovery_events ORDER BY recovery_events.created_at DESC
 LIMIT ? OFFSET ?
2026-02-19 14:07:10,626 INFO sqlalchemy.engine.Engine [cached since 2383s ago] (10, 0)
INFO:     2601:805:8a7d:1580:cd56:9a6a:6057:d9a0:0 - "GET / HTTP/1.1" 200 OK
2026-02-19 14:07:10,628 INFO sqlalchemy.engine.Engine ROLLBACK
INFO:     2601:805:8a7d:1580:cd56:9a6a:6057:d9a0:0 - "GET /favicon.ico HTTP/1.1" 404 Not Found
2026-02-19 14:11:32,634 INFO sqlalchemy.engine.Engine BEGIN (implicit)
2026-02-19 14:11:32,635 INFO sqlalchemy.engine.Engine SELECT sum(recovery_events.amount_due) AS sum_1 
FROM recovery_events
2026-02-19 14:11:32,635 INFO sqlalchemy.engine.Engine [cached since 2645s ago] ()
2026-02-19 14:11:32,636 INFO sqlalchemy.engine.Engine SELECT sum(recovery_events.amount_due) AS sum_1 
FROM recovery_events 
WHERE recovery_events.status = ?
2026-02-19 14:11:32,636 INFO sqlalchemy.engine.Engine [cached since 2645s ago] ('recovered',)
2026-02-19 14:11:32,637 INFO sqlalchemy.engine.Engine SELECT count(recovery_events.id) AS count_1 
FROM recovery_events 
WHERE recovery_events.status = ?
2026-02-19 14:11:32,637 INFO sqlalchemy.engine.Engine [cached since 2645s ago] ('pending',)
2026-02-19 14:11:32,638 INFO sqlalchemy.engine.Engine SELECT recovery_events.id, recovery_events.user_id, recovery_events.stripe_customer_id, recovery_events.invoice_id, recovery_events.amount_due, recovery_events.status, recovery_events.created_at 
FROM recovery_events ORDER BY recovery_events.created_at DESC
 LIMIT ? OFFSET ?
2026-02-19 14:11:32,638 INFO sqlalchemy.engine.Engine [cached since 2645s ago] (10, 0)
INFO:     2601:805:8a7d:1580:cd56:9a6a:6057:d9a0:0 - "GET / HTTP/1.1" 200 OK
2026-02-19 14:11:32,640 INFO sqlalchemy.engine.Engine ROLLBACK
INFO:     2601:805:8a7d:1580:cd56:9a6a:6057:d9a0:0 - "GET /favicon.ico HTTP/1.1" 404 Not Found
WARNING:  StatReload detected changes in 'app/email.py'. Reloading...
INFO:     Shutting down
INFO:     Waiting for application shutdown.
INFO:     Application shutdown complete.
INFO:     Finished server process [4572]
Process SpawnProcess-2:
Traceback (most recent call last):
  File "/usr/lib/python3.11/multiprocessing/process.py", line 314, in _bootstrap
    self.run()
  File "/usr/lib/python3.11/multiprocessing/process.py", line 108, in run
    self._target(*self._args, **self._kwargs)
  File "/root/.openclaw/workspace-personal/stripe-revive/venv/lib/python3.11/site-packages/uvicorn/_subprocess.py", line 80, in subprocess_started
    target(sockets=sockets)
  File "/root/.openclaw/workspace-personal/stripe-revive/venv/lib/python3.11/site-packages/uvicorn/server.py", line 75, in run
    return asyncio_run(self.serve(sockets=sockets), loop_factory=self.config.get_loop_factory())
           ^^^^^^^^^^^^^^^^^^^^^^^^^^^^^^^^^^^^^^^^^^^^^^^^^^^^^^^^^^^^^^^^^^^^^^^^^^^^^^^^^^^^^
  File "/root/.openclaw/workspace-personal/stripe-revive/venv/lib/python3.11/site-packages/uvicorn/_compat.py", line 30, in asyncio_run
    return runner.run(main)
           ^^^^^^^^^^^^^^^^
  File "/usr/lib/python3.11/asyncio/runners.py", line 118, in run
    return self._loop.run_until_complete(task)
           ^^^^^^^^^^^^^^^^^^^^^^^^^^^^^^^^^^^
  File "/usr/lib/python3.11/asyncio/base_events.py", line 653, in run_until_complete
    return future.result()
           ^^^^^^^^^^^^^^^
  File "/root/.openclaw/workspace-personal/stripe-revive/venv/lib/python3.11/site-packages/uvicorn/server.py", line 79, in serve
    await self._serve(sockets)
  File "/root/.openclaw/workspace-personal/stripe-revive/venv/lib/python3.11/site-packages/uvicorn/server.py", line 86, in _serve
    config.load()
  File "/root/.openclaw/workspace-personal/stripe-revive/venv/lib/python3.11/site-packages/uvicorn/config.py", line 441, in load
    self.loaded_app = import_from_string(self.app)
                      ^^^^^^^^^^^^^^^^^^^^^^^^^^^^
  File "/root/.openclaw/workspace-personal/stripe-revive/venv/lib/python3.11/site-packages/uvicorn/importer.py", line 19, in import_from_string
    module = importlib.import_module(module_str)
             ^^^^^^^^^^^^^^^^^^^^^^^^^^^^^^^^^^^
  File "/usr/lib/python3.11/importlib/__init__.py", line 126, in import_module
    return _bootstrap._gcd_import(name[level:], package, level)
           ^^^^^^^^^^^^^^^^^^^^^^^^^^^^^^^^^^^^^^^^^^^^^^^^^^^^
  File "<frozen importlib._bootstrap>", line 1206, in _gcd_import
  File "<frozen importlib._bootstrap>", line 1178, in _find_and_load
  File "<frozen importlib._bootstrap>", line 1149, in _find_and_load_unlocked
  File "<frozen importlib._bootstrap>", line 690, in _load_unlocked
  File "<frozen importlib._bootstrap_external>", line 940, in exec_module
  File "<frozen importlib._bootstrap>", line 241, in _call_with_frames_removed
  File "/root/.openclaw/workspace-personal/stripe-revive/app/main.py", line 8, in <module>
    from app.webhooks import router as webhook_router
  File "/root/.openclaw/workspace-personal/stripe-revive/app/webhooks.py", line 5, in <module>
    from app.scheduler import scheduler
  File "/root/.openclaw/workspace-personal/stripe-revive/app/scheduler.py", line 4, in <module>
    from app.email import send_email
  File "/root/.openclaw/workspace-personal/stripe-revive/app/email.py", line 6, in <module>
    resend.api_key = settings.RESEND_API_KEY
                     ^^^^^^^^^^^^^^^^^^^^^^^
  File "/root/.openclaw/workspace-personal/stripe-revive/venv/lib/python3.11/site-packages/pydantic/main.py", line 1026, in __getattr__
    raise AttributeError(f'{type(self).__name__!r} object has no attribute {item!r}')
AttributeError: 'Settings' object has no attribute 'RESEND_API_KEY'
WARNING:  StatReload detected changes in 'app/webhooks.py'. Reloading...
Process SpawnProcess-3:
Traceback (most recent call last):
  File "/usr/lib/python3.11/multiprocessing/process.py", line 314, in _bootstrap
    self.run()
  File "/usr/lib/python3.11/multiprocessing/process.py", line 108, in run
    self._target(*self._args, **self._kwargs)
  File "/root/.openclaw/workspace-personal/stripe-revive/venv/lib/python3.11/site-packages/uvicorn/_subprocess.py", line 80, in subprocess_started
    target(sockets=sockets)
  File "/root/.openclaw/workspace-personal/stripe-revive/venv/lib/python3.11/site-packages/uvicorn/server.py", line 75, in run
    return asyncio_run(self.serve(sockets=sockets), loop_factory=self.config.get_loop_factory())
           ^^^^^^^^^^^^^^^^^^^^^^^^^^^^^^^^^^^^^^^^^^^^^^^^^^^^^^^^^^^^^^^^^^^^^^^^^^^^^^^^^^^^^
  File "/root/.openclaw/workspace-personal/stripe-revive/venv/lib/python3.11/site-packages/uvicorn/_compat.py", line 30, in asyncio_run
    return runner.run(main)
           ^^^^^^^^^^^^^^^^
  File "/usr/lib/python3.11/asyncio/runners.py", line 118, in run
    return self._loop.run_until_complete(task)
           ^^^^^^^^^^^^^^^^^^^^^^^^^^^^^^^^^^^
  File "/usr/lib/python3.11/asyncio/base_events.py", line 653, in run_until_complete
    return future.result()
           ^^^^^^^^^^^^^^^
  File "/root/.openclaw/workspace-personal/stripe-revive/venv/lib/python3.11/site-packages/uvicorn/server.py", line 79, in serve
    await self._serve(sockets)
  File "/root/.openclaw/workspace-personal/stripe-revive/venv/lib/python3.11/site-packages/uvicorn/server.py", line 86, in _serve
    config.load()
  File "/root/.openclaw/workspace-personal/stripe-revive/venv/lib/python3.11/site-packages/uvicorn/config.py", line 441, in load
    self.loaded_app = import_from_string(self.app)
                      ^^^^^^^^^^^^^^^^^^^^^^^^^^^^
  File "/root/.openclaw/workspace-personal/stripe-revive/venv/lib/python3.11/site-packages/uvicorn/importer.py", line 19, in import_from_string
    module = importlib.import_module(module_str)
             ^^^^^^^^^^^^^^^^^^^^^^^^^^^^^^^^^^^
  File "/usr/lib/python3.11/importlib/__init__.py", line 126, in import_module
    return _bootstrap._gcd_import(name[level:], package, level)
           ^^^^^^^^^^^^^^^^^^^^^^^^^^^^^^^^^^^^^^^^^^^^^^^^^^^^
  File "<frozen importlib._bootstrap>", line 1206, in _gcd_import
  File "<frozen importlib._bootstrap>", line 1178, in _find_and_load
  File "<frozen importlib._bootstrap>", line 1149, in _find_and_load_unlocked
  File "<frozen importlib._bootstrap>", line 690, in _load_unlocked
  File "<frozen importlib._bootstrap_external>", line 940, in exec_module
  File "<frozen importlib._bootstrap>", line 241, in _call_with_frames_removed
  File "/root/.openclaw/workspace-personal/stripe-revive/app/main.py", line 8, in <module>
    from app.webhooks import router as webhook_router
  File "/root/.openclaw/workspace-personal/stripe-revive/app/webhooks.py", line 6, in <module>
    from app.scheduler import scheduler
  File "/root/.openclaw/workspace-personal/stripe-revive/app/scheduler.py", line 4, in <module>
    from app.email import send_email
  File "/root/.openclaw/workspace-personal/stripe-revive/app/email.py", line 6, in <module>
    resend.api_key = settings.RESEND_API_KEY
                     ^^^^^^^^^^^^^^^^^^^^^^^
  File "/root/.openclaw/workspace-personal/stripe-revive/venv/lib/python3.11/site-packages/pydantic/main.py", line 1026, in __getattr__
    raise AttributeError(f'{type(self).__name__!r} object has no attribute {item!r}')
AttributeError: 'Settings' object has no attribute 'RESEND_API_KEY'
WARNING:  StatReload detected changes in 'app/config.py'. Reloading...
INFO:     Started server process [7359]
INFO:     Waiting for application startup.
2026-02-19 14:15:52,226 INFO sqlalchemy.engine.Engine BEGIN (implicit)
2026-02-19 14:15:52,226 INFO sqlalchemy.engine.Engine PRAGMA main.table_info("users")
2026-02-19 14:15:52,226 INFO sqlalchemy.engine.Engine [raw sql] ()
2026-02-19 14:15:52,228 INFO sqlalchemy.engine.Engine PRAGMA main.table_info("recovery_events")
2026-02-19 14:15:52,228 INFO sqlalchemy.engine.Engine [raw sql] ()
2026-02-19 14:15:52,229 INFO sqlalchemy.engine.Engine COMMIT
INFO:     Application startup complete.
INFO:     Shutting down
INFO:     Waiting for application shutdown.
INFO:     Application shutdown complete.
INFO:     Finished server process [7359]
INFO:     Stopping reloader process [4570]
